[Licensing::Module] Trying to connect to existing licensing client channel...
Built from '6000.2/staging' branch; Version is '6000.2.5f1 (43d04cd1df69) revision 4444236'; Using compiler version '194234433'; Build Type 'Release'
[Licensing::IpcConnector] Successfully connected to: "LicenseClient-TswZen" at "2026-10-08T02:23:55.3959859Z"
OS: 'Windows 11  (10.0.26200) 64bit Professional' Language: 'en' Physical Memory: 32544 MB
BatchMode: 1, IsHumanControllingUs: 0, StartBugReporterOnCrash: 0, Is64bit: 1
Date: 2026-10-08T02:23:55Z

COMMAND LINE ARGUMENTS:
C:\Program Files\Unity\Hub\Editor\6000.2.5f1\Editor\Unity.exe
-adb2
-batchMode
-noUpm
-name
AssetImportWorker2
-projectPath
D:/VideoGames 2D/FrancaisMigrasyon2D/migrasyon-2D
-logFile
Logs/AssetImportWorker2.log
-srvPort
1951
-licensingIpc
LicenseClient-TswZen
-job-worker-count
7
-background-job-worker-count
8
-gc-helper-count
1
-name
AssetImport
Successfully changed project path to: D:/VideoGames 2D/FrancaisMigrasyon2D/migrasyon-2D
D:/VideoGames 2D/FrancaisMigrasyon2D/migrasyon-2D
[UnityMemory] Configuration Parameters - Can be set up in boot.config
    "memorysetup-allocator-temp-initial-block-size-main=262144"
    "memorysetup-allocator-temp-initial-block-size-worker=262144"
    "memorysetup-bucket-allocator-granularity=16"
    "memorysetup-bucket-allocator-bucket-count=8"
    "memorysetup-bucket-allocator-block-size=33554432"
    "memorysetup-bucket-allocator-block-count=8"
    "memorysetup-main-allocator-block-size=16777216"
    "memorysetup-thread-allocator-block-size=16777216"
    "memorysetup-gfx-main-allocator-block-size=16777216"
    "memorysetup-gfx-thread-allocator-block-size=16777216"
    "memorysetup-cache-allocator-block-size=4194304"
    "memorysetup-typetree-allocator-block-size=2097152"
    "memorysetup-profiler-bucket-allocator-granularity=16"
    "memorysetup-profiler-bucket-allocator-bucket-count=8"
    "memorysetup-profiler-bucket-allocator-block-size=33554432"
    "memorysetup-profiler-bucket-allocator-block-count=8"
    "memorysetup-profiler-allocator-block-size=16777216"
    "memorysetup-profiler-editor-allocator-block-size=1048576"
    "memorysetup-temp-allocator-size-main=16777216"
    "memorysetup-job-temp-allocator-block-size=2097152"
    "memorysetup-job-temp-allocator-block-size-background=1048576"
    "memorysetup-job-temp-allocator-reduction-small-platforms=262144"
    "memorysetup-temp-allocator-size-background-worker=32768"
    "memorysetup-temp-allocator-size-job-worker=262144"
    "memorysetup-temp-allocator-size-preload-manager=33554432"
    "memorysetup-temp-allocator-size-nav-mesh-worker=65536"
    "memorysetup-temp-allocator-size-audio-worker=65536"
    "memorysetup-temp-allocator-size-cloud-worker=32768"
    "memorysetup-temp-allocator-size-gi-baking-worker=262144"
    "memorysetup-temp-allocator-size-gi-baking-worker=262144"
    "memorysetup-temp-allocator-size-gi-baking-worker=262144"
    "memorysetup-temp-allocator-size-gi-baking-worker=262144"
    "memorysetup-temp-allocator-size-gi-baking-worker=262144"
    "memorysetup-temp-allocator-size-gfx=262144"
Player connection [6572]  Target information:

Player connection [6572]  * "[IP] 169.254.2.207 [Port] 0 [Flags] 2 [Guid] 580097866 [EditorId] 580097866 [Version] 1048832 [Id] WindowsEditor(7,zen) [Debug] 1 [PackageName] WindowsEditor [ProjectName] Editor" 

Player connection [6572]  * "[IP] 169.254.157.0 [Port] 0 [Flags] 2 [Guid] 580097866 [EditorId] 580097866 [Version] 1048832 [Id] WindowsEditor(7,zen) [Debug] 1 [PackageName] WindowsEditor [ProjectName] Editor" 

Player connection [6572]  * "[IP] 192.168.0.133 [Port] 0 [Flags] 2 [Guid] 580097866 [EditorId] 580097866 [Version] 1048832 [Id] WindowsEditor(7,zen) [Debug] 1 [PackageName] WindowsEditor [ProjectName] Editor" 

Player connection [6572] Host joined multi-casting on [225.0.0.222:54997]...
Player connection [6572] Host joined alternative multi-casting on [225.0.0.222:34997]...
JobSystem: Creating JobQueue using job-worker-count value 7
Input System module state changed to: Initialized.
[Physics::Module] Initialized fallback backend.
[Physics::Module] Id: 0xdecafbad
[Licensing::Client] Code 10 while verifying Licensing Client signature (process Id: 24092, path: "C:/Program Files/Unity Hub/UnityLicensingClient_V1/Unity.Licensing.Client.exe")
[Licensing::Module] LicensingClient has failed validation; ignoring
[Licensing::Client] Handshaking with LicensingClient:
  Version:                 1.18.3+d7ffd15
  Session Id:              8f8c7774e0874656b118288a987286f5
  Correlation Id:          6e5c91cfea11dd5d074f7ed1f8f86646
  External correlation Id: 2026514038912477848
  Machine Id:              mmniPw3Hf0qfAOaxfnUFd/tmies=
[Licensing::Module] Successfully connected to LicensingClient on channel: "LicenseClient-TswZen" (connect: 0.00s, validation: 0.00s, handshake: 0.04s)
[Licensing::IpcConnector] Successfully connected to: "LicenseClient-TswZen-notifications" at "2026-10-08T02:23:55.4410142Z"
[Licensing::Module] Licensing Background thread has ended after 0.05s
Library Redirect Path: Library/
[Physics::Module] Selected backend.
[Physics::Module] Name: PhysX
[Physics::Module] Id: 0xf2b8ea05
[Physics::Module] SDK Version: 4.1.2
[Physics::Module] Integration Version: 1.0.0
[Physics::Module] Threading Mode: Multi-Threaded
Refreshing native plugins compatible for Editor in 502.71 ms, found 6 plugins.
Preloading 1 native plugins for Editor in 0.57 ms.
Initialize engine version: 6000.2.5f1 (43d04cd1df69)
[Subsystems] Discovering subsystems at path C:/Program Files/Unity/Hub/Editor/6000.2.5f1/Editor/Data/Resources/UnitySubsystems
[Subsystems] Discovering subsystems at path D:/VideoGames 2D/FrancaisMigrasyon2D/migrasyon-2D/Assets
GfxDevice: creating device client; kGfxThreadingModeNonThreaded
d3d12: failed to query info queue interface (0x80004002).
Direct3D:
    Version:         Direct3D 12 [level 12.1]
    Renderer:        NVIDIA GeForce RTX 4060 (ID=0x2882)
    Vendor:          NVIDIA
    VRAM:            7956 MB
    App VRAM Budget: 7188 MB
    Driver:          32.0.16.1062
Initialize mono
Mono path[0] = 'C:/Program Files/Unity/Hub/Editor/6000.2.5f1/Editor/Data/Managed'
Mono path[1] = 'C:/Program Files/Unity/Hub/Editor/6000.2.5f1/Editor/Data/MonoBleedingEdge/lib/mono/unityjit-win32'
Mono config path = 'C:/Program Files/Unity/Hub/Editor/6000.2.5f1/Editor/Data/MonoBleedingEdge/etc'
Using monoOptions --debugger-agent=transport=dt_socket,embedding=1,server=y,suspend=n,address=127.0.0.1:56488
Begin MonoManager ReloadAssembly
Registering precompiled unity dll's ...
Register platform support module: C:/Program Files/Unity/Hub/Editor/6000.2.5f1/Editor/Data/PlaybackEngines/WindowsStandaloneSupport/UnityEditor.WindowsStandalone.Extensions.dll
Registered in 0.001240 seconds.
- Loaded All Assemblies, in  0.324 seconds
Native extension for WindowsStandalone target not found
Mono: successfully reloaded assembly
- Finished resetting the current domain, in  0.282 seconds
Domain Reload Profiling: 604ms
	BeginReloadAssembly (135ms)
		ExecutionOrderSort (0ms)
		DisableScriptedObjects (0ms)
		BackupInstance (0ms)
		ReleaseScriptingObjects (0ms)
		CreateAndSetChildDomain (1ms)
	RebuildCommonClasses (27ms)
	RebuildNativeTypeToScriptingClass (9ms)
	initialDomainReloadingComplete (36ms)
	LoadAllAssembliesAndSetupDomain (115ms)
		LoadAssemblies (133ms)
		RebuildTransferFunctionScriptingTraits (0ms)
		AnalyzeDomain (113ms)
			TypeCache.Refresh (111ms)
				TypeCache.ScanAssembly (102ms)
			BuildScriptInfoCaches (0ms)
			ResolveRequiredComponents (0ms)
	FinalizeReload (283ms)
		ReleaseScriptCaches (0ms)
		RebuildScriptCaches (0ms)
		SetupLoadedEditorAssemblies (247ms)
			LogAssemblyErrors (0ms)
			InitializePlatformSupportModulesInManaged (35ms)
			SetLoadedEditorAssemblies (3ms)
			BeforeProcessingInitializeOnLoad (51ms)
			ProcessInitializeOnLoadAttributes (93ms)
			ProcessInitializeOnLoadMethodAttributes (65ms)
			AfterProcessingInitializeOnLoad (0ms)
			EditorAssembliesLoaded (0ms)
		ExecutionOrderSort2 (0ms)
		AwakeInstancesAfterBackupRestoration (0ms)
========================================================================
Worker process is ready to serve import requests
Import Worker Mode flag is 0x00
Begin MonoManager ReloadAssembly
[Licensing::Client] Successfully resolved entitlement details
[Licensing::Module] License group:
  Id: 3574407061950-UnityPersXXXX
  Product: Unity Personal
  Type: Assigned
  Expiration: Unlimited
Symbol file LoadedFromMemory is not a mono symbol file
Symbol file LoadedFromMemory is not a mono symbol file
- Loaded All Assemblies, in  1.831 seconds
Refreshing native plugins compatible for Editor in 145.88 ms, found 6 plugins.
Native extension for WindowsStandalone target not found
Refreshing native plugins compatible for Editor in 1.70 ms, found 6 plugins.
Package Manager log level set to [2]
[Package Manager] Failed to launch server process. Reason: Unity was launched with the -noUpm command-line argument
[Package Manager] Unable to send message (not connected to server process).
[Package Manager] Cannot connect to Unity Package Manager local server
Mono: successfully reloaded assembly
- Finished resetting the current domain, in  1.844 seconds
Domain Reload Profiling: 3673ms
	BeginReloadAssembly (142ms)
		ExecutionOrderSort (0ms)
		DisableScriptedObjects (5ms)
		BackupInstance (0ms)
		ReleaseScriptingObjects (0ms)
		CreateAndSetChildDomain (24ms)
	RebuildCommonClasses (27ms)
	RebuildNativeTypeToScriptingClass (9ms)
	initialDomainReloadingComplete (30ms)
	LoadAllAssembliesAndSetupDomain (1621ms)
		LoadAssemblies (1439ms)
		RebuildTransferFunctionScriptingTraits (0ms)
		AnalyzeDomain (258ms)
			TypeCache.Refresh (183ms)
				TypeCache.ScanAssembly (168ms)
			BuildScriptInfoCaches (62ms)
			ResolveRequiredComponents (9ms)
	FinalizeReload (1844ms)
		ReleaseScriptCaches (0ms)
		RebuildScriptCaches (0ms)
		SetupLoadedEditorAssemblies (1197ms)
			LogAssemblyErrors (0ms)
			InitializePlatformSupportModulesInManaged (1ms)
			SetLoadedEditorAssemblies (4ms)
			BeforeProcessingInitializeOnLoad (119ms)
			ProcessInitializeOnLoadAttributes (309ms)
			ProcessInitializeOnLoadMethodAttributes (760ms)
			AfterProcessingInitializeOnLoad (4ms)
			EditorAssembliesLoaded (0ms)
		ExecutionOrderSort2 (0ms)
		AwakeInstancesAfterBackupRestoration (8ms)
Launched and connected shader compiler UnityShaderCompiler.exe after 0.01 seconds
Refreshing native plugins compatible for Editor in 1.69 ms, found 6 plugins.
Preloading 1 native plugins for Editor in 0.05 ms.
Unloading 55 Unused Serialized files (Serialized files now loaded: 0)
Unloading 8700 unused Assets / (20.1 MB). Loaded Objects now: 9425.
Memory consumption went from 174.5 MB to 154.4 MB.
Total: 9.417600 ms (FindLiveObjects: 0.587400 ms CreateObjectMapping: 0.568000 ms MarkObjects: 4.108100 ms  DeleteObjects: 4.153100 ms)

========================================================================
Received Import Request.
  Time since last request: 124458.602685 seconds.
  path: Assets/TileSet/mp_hospital_tileset_pack_v1.0
  artifactKey: Guid(e27c803e53c5037438e9d49aa5d75311) Importer(815301076,1909f56bfc062723c751e8b465ee728b)
Start importing Assets/TileSet/mp_hospital_tileset_pack_v1.0 using Guid(e27c803e53c5037438e9d49aa5d75311) Importer(815301076,1909f56bfc062723c751e8b465ee728b) (PreviewImporter) -> (artifact id: '350ac54e5f31b472fea7870bd0cfd026') in 0.0087622 seconds
Number of updated asset objects reloaded before import = 0Number of asset objects unloaded after import = 0

========================================================================
Received Import Request.
  Time since last request: 0.706081 seconds.
  path: Assets/TileSet/mp_hospital_tileset_pack_v1.0/mp_hospital_tileset_pack_v1.0
  artifactKey: Guid(2dd2d0a582635e445a56c23ab69ef078) Importer(815301076,1909f56bfc062723c751e8b465ee728b)
Start importing Assets/TileSet/mp_hospital_tileset_pack_v1.0/mp_hospital_tileset_pack_v1.0 using Guid(2dd2d0a582635e445a56c23ab69ef078) Importer(815301076,1909f56bfc062723c751e8b465ee728b) (PreviewImporter) -> (artifact id: 'afd80ad6dc64c9f72e7a530e816e2443') in 0.0004721 seconds
Number of updated asset objects reloaded before import = 0Number of asset objects unloaded after import = 0

========================================================================
Received Import Request.
  Time since last request: 0.041886 seconds.
  path: Assets/TileSet/mp_hospital_tileset_pack_v1.0/mp_hospital_tileset_pack_v1.0/background.png
  artifactKey: Guid(7d83de0aa16ebdb439715a548db11bab) Importer(815301076,1909f56bfc062723c751e8b465ee728b)
Start importing Assets/TileSet/mp_hospital_tileset_pack_v1.0/mp_hospital_tileset_pack_v1.0/background.png using Guid(7d83de0aa16ebdb439715a548db11bab) Importer(815301076,1909f56bfc062723c751e8b465ee728b) (PreviewImporter) -> (artifact id: '277047b8b4863bd334b89b773f3197e3') in 0.1633126 seconds
Number of updated asset objects reloaded before import = 0Number of asset objects unloaded after import = 11

========================================================================
Received Import Request.
  Time since last request: 0.000028 seconds.
  path: Assets/TileSet/mp_hospital_tileset_pack_v1.0/mp_hospital_tileset_pack_v1.0/patient_room.png
  artifactKey: Guid(48bbe577db538b748990afc9ee833a7e) Importer(815301076,1909f56bfc062723c751e8b465ee728b)
Start importing Assets/TileSet/mp_hospital_tileset_pack_v1.0/mp_hospital_tileset_pack_v1.0/patient_room.png using Guid(48bbe577db538b748990afc9ee833a7e) Importer(815301076,1909f56bfc062723c751e8b465ee728b) (PreviewImporter) -> (artifact id: 'bf9ee0cbec61e3e2c04c5eca4ba96c1f') in 0.1046704 seconds
Number of updated asset objects reloaded before import = 0Number of asset objects unloaded after import = 17

========================================================================
Received Import Request.
  Time since last request: 0.000028 seconds.
  path: Assets/TileSet/mp_hospital_tileset_pack_v1.0/mp_hospital_tileset_pack_v1.0/bathroom_lockers.png
  artifactKey: Guid(9f3716edc0e5b224ea1b7d449c772bf5) Importer(815301076,1909f56bfc062723c751e8b465ee728b)
Start importing Assets/TileSet/mp_hospital_tileset_pack_v1.0/mp_hospital_tileset_pack_v1.0/bathroom_lockers.png using Guid(9f3716edc0e5b224ea1b7d449c772bf5) Importer(815301076,1909f56bfc062723c751e8b465ee728b) (PreviewImporter) -> (artifact id: '0dc7a21ae2939e0ec7d594620d9ecd05') in 0.0824702 seconds
Number of updated asset objects reloaded before import = 0Number of asset objects unloaded after import = 17

========================================================================
Received Import Request.
  Time since last request: 0.000017 seconds.
  path: Assets/TileSet/mp_hospital_tileset_pack_v1.0/mp_hospital_tileset_pack_v1.0/shadows.png
  artifactKey: Guid(2696390d257d06e4db9fee129f8544f0) Importer(815301076,1909f56bfc062723c751e8b465ee728b)
Start importing Assets/TileSet/mp_hospital_tileset_pack_v1.0/mp_hospital_tileset_pack_v1.0/shadows.png using Guid(2696390d257d06e4db9fee129f8544f0) Importer(815301076,1909f56bfc062723c751e8b465ee728b) (PreviewImporter) -> (artifact id: '64ab0d90f8487fb7d17dab6ffef2ec29') in 0.0215728 seconds
Number of updated asset objects reloaded before import = 0Number of asset objects unloaded after import = 6

========================================================================
Received Import Request.
  Time since last request: 0.000016 seconds.
  path: Assets/TileSet/mp_hospital_tileset_pack_v1.0/mp_hospital_tileset_pack_v1.0/tilemap_all.png
  artifactKey: Guid(ef518d4351cd92942a1ffc7701de21e1) Importer(815301076,1909f56bfc062723c751e8b465ee728b)
Start importing Assets/TileSet/mp_hospital_tileset_pack_v1.0/mp_hospital_tileset_pack_v1.0/tilemap_all.png using Guid(ef518d4351cd92942a1ffc7701de21e1) Importer(815301076,1909f56bfc062723c751e8b465ee728b) (PreviewImporter) -> (artifact id: 'fc53bc6a2ca03c1e8821f4d1c2ed8132') in 0.4373778 seconds
Number of updated asset objects reloaded before import = 0Number of asset objects unloaded after import = 156

========================================================================
Received Import Request.
  Time since last request: 0.000031 seconds.
  path: Assets/TileSet/mp_hospital_tileset_pack_v1.0/mp_hospital_tileset_pack_v1.0/radiology.png
  artifactKey: Guid(6a14a3a71f1765540b0dcf203178cbe0) Importer(815301076,1909f56bfc062723c751e8b465ee728b)
Start importing Assets/TileSet/mp_hospital_tileset_pack_v1.0/mp_hospital_tileset_pack_v1.0/radiology.png using Guid(6a14a3a71f1765540b0dcf203178cbe0) Importer(815301076,1909f56bfc062723c751e8b465ee728b) (PreviewImporter) -> (artifact id: 'e89db4d9591e209a93b7bc0687e87723') in 0.1194703 seconds
Number of updated asset objects reloaded before import = 0Number of asset objects unloaded after import = 26

========================================================================
Received Import Request.
  Time since last request: 0.000015 seconds.
  path: Assets/TileSet/mp_hospital_tileset_pack_v1.0/mp_hospital_tileset_pack_v1.0/waiting_area_lobby.png
  artifactKey: Guid(cd81a2936dee73446925a7c5eebceaa6) Importer(815301076,1909f56bfc062723c751e8b465ee728b)
Start importing Assets/TileSet/mp_hospital_tileset_pack_v1.0/mp_hospital_tileset_pack_v1.0/waiting_area_lobby.png using Guid(cd81a2936dee73446925a7c5eebceaa6) Importer(815301076,1909f56bfc062723c751e8b465ee728b) (PreviewImporter) -> (artifact id: 'b215014e9af2342bf3a2b8db2970af43') in 0.0653693 seconds
Number of updated asset objects reloaded before import = 0Number of asset objects unloaded after import = 26

========================================================================
Received Import Request.
  Time since last request: 0.000031 seconds.
  path: Assets/TileSet/mp_hospital_tileset_pack_v1.0/mp_hospital_tileset_pack_v1.0/doctors_office.png
  artifactKey: Guid(5aa2a056b560d354a82558318a842952) Importer(815301076,1909f56bfc062723c751e8b465ee728b)
Start importing Assets/TileSet/mp_hospital_tileset_pack_v1.0/mp_hospital_tileset_pack_v1.0/doctors_office.png using Guid(5aa2a056b560d354a82558318a842952) Importer(815301076,1909f56bfc062723c751e8b465ee728b) (PreviewImporter) -> (artifact id: '76f505ddbfdc6c5275142e3c46c48ac9') in 0.1062115 seconds
Number of updated asset objects reloaded before import = 0Number of asset objects unloaded after import = 39

Editor requested this worker to shutdown with reason: Scaling down because of idle timeout
AssetImportWorker is now disconnected from the server
Process exiting
Exiting without the bug reporter. Application will terminate with return code 0